[livedemo00.template-help.com/wt_61317_v1/index.html]
[backblue.gif]
[fade.gif]
[index.html]
[livedemo00.template-help.com/cdn-cgi/apps/head/3ts2ksMwXvKRuG480KNifJ2_JNM.js]
[static.livedemo00.template-help.com/wt_61317_v1/images/favicon.ico]
[fonts.googleapis.com/css77ac.css]
[static.livedemo00.template-help.com/wt_61317_v1/css/fonts.css]
[static.livedemo00.template-help.com/wt_61317_v1/css/bootstrap.css]
[external.html]
[livedemo00.template-help.com/wt_61317_v1/index-2.html]
[static.livedemo00.template-help.com/wt_61317_v1/css/style.css]
[static.livedemo00.template-help.com/wt_61317_v1/images/logo-default-143x27.png]
[livedemo00.template-help.com/wt_61317_v1/appointment.html]
[livedemo00.template-help.com/wt_61317_v1/about-us.html]
[livedemo00.template-help.com/wt_61317_v1/services.html]
[livedemo00.template-help.com/wt_61317_v1/gallery-grid.html]
[livedemo00.template-help.com/wt_61317_v1/gallery-masonry.html]
[livedemo00.template-help.com/wt_61317_v1/gallery-cobbles.html]
[livedemo00.template-help.com/wt_61317_v1/gallery-item.html]
[livedemo00.template-help.com/wt_61317_v1/blog-classic.html]
[livedemo00.template-help.com/wt_61317_v1/blog-grid.html]
[livedemo00.template-help.com/wt_61317_v1/blog-line.html]
[livedemo00.template-help.com/wt_61317_v1/blog-masonry.html]
[livedemo00.template-help.com/wt_61317_v1/blog-post.html]
[livedemo00.template-help.com/wt_61317_v1/clients.html]
[livedemo00.template-help.com/wt_61317_v1/clients-testimonials.html]
[livedemo00.template-help.com/wt_61317_v1/our-team.html]
[livedemo00.template-help.com/wt_61317_v1/team-member-profile.html]
[livedemo00.template-help.com/wt_61317_v1/careers.html]
[livedemo00.template-help.com/wt_61317_v1/pricing.html]
[livedemo00.template-help.com/wt_61317_v1/faq.html]
[livedemo00.template-help.com/wt_61317_v1/404-page.html]
[livedemo00.template-help.com/wt_61317_v1/503-page.html]
[livedemo00.template-help.com/wt_61317_v1/maintenance.html]
[livedemo00.template-help.com/wt_61317_v1/coming-soon.html]
[livedemo00.template-help.com/wt_61317_v1/login.html]
[livedemo00.template-help.com/wt_61317_v1/register.html]
[livedemo00.template-help.com/wt_61317_v1/search-results.html]
[livedemo00.template-help.com/wt_61317_v1/privacy-policy.html]
[livedemo00.template-help.com/wt_61317_v1/accordion.html]
[livedemo00.template-help.com/wt_61317_v1/buttons.html]
[livedemo00.template-help.com/wt_61317_v1/grid.html]
[livedemo00.template-help.com/wt_61317_v1/forms.html]
[livedemo00.template-help.com/wt_61317_v1/icons.html]
[livedemo00.template-help.com/wt_61317_v1/icon-lists.html]
[livedemo00.template-help.com/wt_61317_v1/progress-bars.html]
[livedemo00.template-help.com/wt_61317_v1/tabs.html]
[livedemo00.template-help.com/wt_61317_v1/table-styles.html]
[livedemo00.template-help.com/wt_61317_v1/typography.html]
[livedemo00.template-help.com/wt_61317_v1/contact-us.html]
[static.livedemo00.template-help.com/wt_61317_v1/images/home-2-342x338.jpg]
[static.livedemo00.template-help.com/wt_61317_v1/images/home-1.jpg]
[static.livedemo00.template-help.com/wt_61317_v1/images/team-9-246x300.jpg]
[static.livedemo00.template-help.com/wt_61317_v1/images/team-10-246x300.jpg]
[static.livedemo00.template-help.com/wt_61317_v1/images/team-11-246x300.jpg]
[static.livedemo00.template-help.com/wt_61317_v1/images/progress-bars-parallax-1.jpg]
[static.livedemo00.template-help.com/wt_61317_v1/images/home-3-569x472.png]
[static.livedemo00.template-help.com/wt_61317_v1/images/clients-light-2-153x69.png]
[static.livedemo00.template-help.com/wt_61317_v1/images/clients-light-3-132x69.png]
[static.livedemo00.template-help.com/wt_61317_v1/images/clients-light-4-146x58.png]
[static.livedemo00.template-help.com/wt_61317_v1/images/clients-testimonials-1-68x68.jpg]
[static.livedemo00.template-help.com/wt_61317_v1/images/clients-testimonials-2-68x68.jpg]
[static.livedemo00.template-help.com/wt_61317_v1/images/home-4-472x753.png]
[static.livedemo00.template-help.com/wt_61317_v1/images/home-5-268x182.jpg]
[static.livedemo00.template-help.com/wt_61317_v1/images/home-6-268x182.jpg]
[static.livedemo00.template-help.com/wt_61317_v1/images/home-7-268x182.jpg]
[static.livedemo00.template-help.com/wt_61317_v1/images/logo-inverse-143x28.png]
[static.livedemo00.template-help.com/wt_61317_v1/images/post-preview-4-70x70.jpg]
[static.livedemo00.template-help.com/wt_61317_v1/images/post-preview-5-70x70.jpg]
[livedemo00.template-help.com/cdn-cgi/scripts/5c5dd728/cloudflare-static/email-decode.min.js]
[static.livedemo00.template-help.com/wt_61317_v1/js/script.js]
[static.livedemo00.template-help.com/wt_61317_v1/js/core.min.js]
[livedemo00.template-help.com/wt_61317_v1/index.html]
[fonts.googleapis.com/css77ac.css]
[livedemo00.template-help.com/wt_61317_v1/index-2.html]
[livedemo00.template-help.com/wt_61317_v1/appointment.html]
[static.livedemo00.template-help.com/wt_61317_v1/images/about-1-670x578.png]
[livedemo00.template-help.com/wt_61317_v1/about-us.html]
[static.livedemo00.template-help.com/wt_61317_v1/images/services-1-570x537.png]
[static.livedemo00.template-help.com/wt_61317_v1/images/clients-3-132x83.png]
[static.livedemo00.template-help.com/wt_61317_v1/images/clients-4-169x68.png]
[static.livedemo00.template-help.com/wt_61317_v1/images/clients-5-141x88.png]
[static.livedemo00.template-help.com/wt_61317_v1/images/clients-6-138x55.png]
[static.livedemo00.template-help.com/wt_61317_v1/images/clients-parallax-1.jpg]
[livedemo00.template-help.com/wt_61317_v1/services.html]
[static.livedemo00.template-help.com/wt_61317_v1/images/bg-image-2.jpg]
[static.livedemo00.template-help.com/wt_61317_v1/images/gallery-grid-1-370x278.jpg]
[static.livedemo00.template-help.com/wt_61317_v1/images/gallery-1-1200x800_original.jpg]
[static.livedemo00.template-help.com/wt_61317_v1/images/gallery-grid-2-370x278.jpg]
[static.livedemo00.template-help.com/wt_61317_v1/images/gallery-2-1200x908_original.jpg]
[static.livedemo00.template-help.com/wt_61317_v1/images/gallery-grid-3-370x278.jpg]
[static.livedemo00.template-help.com/wt_61317_v1/images/gallery-3-1200x900_original.jpg]
[static.livedemo00.template-help.com/wt_61317_v1/images/gallery-grid-4-370x278.jpg]
[static.livedemo00.template-help.com/wt_61317_v1/images/gallery-4-1200x935_original.jpg]
[static.livedemo00.template-help.com/wt_61317_v1/images/gallery-grid-5-370x278.jpg]
[static.livedemo00.template-help.com/wt_61317_v1/images/gallery-5-1200x800_original.jpg]
[static.livedemo00.template-help.com/wt_61317_v1/images/gallery-grid-6-370x278.jpg]
[static.livedemo00.template-help.com/wt_61317_v1/images/gallery-6-1200x798_original.jpg]
[static.livedemo00.template-help.com/wt_61317_v1/images/gallery-grid-7-370x278.jpg]
[static.livedemo00.template-help.com/wt_61317_v1/images/gallery-7-1200x815_original.jpg]
[static.livedemo00.template-help.com/wt_61317_v1/images/gallery-grid-8-370x278.jpg]
[static.livedemo00.template-help.com/wt_61317_v1/images/gallery-8-1200x797_original.jpg]
[static.livedemo00.template-help.com/wt_61317_v1/images/gallery-grid-9-370x278.jpg]
[static.livedemo00.template-help.com/wt_61317_v1/images/gallery-9-1200x800_original.jpg]
[livedemo00.template-help.com/wt_61317_v1/gallery-grid.html]
[static.livedemo00.template-help.com/wt_61317_v1/images/gallery-masonry-1-770x586.jpg]
[static.livedemo00.template-help.com/wt_61317_v1/images/gallery-masonry-2-370x278.jpg]
[static.livedemo00.template-help.com/wt_61317_v1/images/gallery-masonry-3-371x586.jpg]
[static.livedemo00.template-help.com/wt_61317_v1/images/gallery-masonry-4-373x278.jpg]
[static.livedemo00.template-help.com/wt_61317_v1/images/gallery-masonry-5-373x278.jpg]
[static.livedemo00.template-help.com/wt_61317_v1/images/gallery-masonry-6-769x384.jpg]
[static.livedemo00.template-help.com/wt_61317_v1/images/gallery-masonry-7-371x384.jpg]
[livedemo00.template-help.com/wt_61317_v1/gallery-masonry.html]
[static.livedemo00.template-help.com/wt_61317_v1/images/gallery-cobbles-1-390x601.jpg]
[static.livedemo00.template-help.com/wt_61317_v1/images/gallery-cobbles-2-390x301.jpg]
[static.livedemo00.template-help.com/wt_61317_v1/images/gallery-cobbles-3-390x301.jpg]
[static.livedemo00.template-help.com/wt_61317_v1/images/gallery-cobbles-4-780x300.jpg]
[static.livedemo00.template-help.com/wt_61317_v1/images/gallery-cobbles-5-780x600.jpg]
[static.livedemo00.template-help.com/wt_61317_v1/images/gallery-cobbles-6-390x300.jpg]
[static.livedemo00.template-help.com/wt_61317_v1/images/gallery-cobbles-7-390x300.jpg]
[livedemo00.template-help.com/wt_61317_v1/gallery-cobbles.html]
[static.livedemo00.template-help.com/wt_61317_v1/images/gallery-item-1-1170x883.jpg]
[static.livedemo00.template-help.com/wt_61317_v1/images/gallery-item-2-220x224.jpg]
[static.livedemo00.template-help.com/wt_61317_v1/images/gallery-item-3-220x224.jpg]
[static.livedemo00.template-help.com/wt_61317_v1/images/gallery-item-4-220x224.jpg]
[static.livedemo00.template-help.com/wt_61317_v1/images/gallery-item-5-220x224.jpg]
[livedemo00.template-help.com/wt_61317_v1/gallery-item.html]
[static.livedemo00.template-help.com/wt_61317_v1/images/blog-classic-1-971x649.jpg]
[static.livedemo00.template-help.com/wt_61317_v1/images/blog-classic-2-113x113.jpg]
[static.livedemo00.template-help.com/wt_61317_v1/images/blog-classic-3-113x113.jpg]
[static.livedemo00.template-help.com/wt_61317_v1/images/blog-classic-4-970x545.jpg]
[static.livedemo00.template-help.com/wt_61317_v1/images/blog-classic-5-113x113.jpg]
[static.livedemo00.template-help.com/wt_61317_v1/images/blog-classic-6-970x545.jpg]
[static.livedemo00.template-help.com/wt_61317_v1/images/blog-classic-7-970x545.jpg]
[static.livedemo00.template-help.com/wt_61317_v1/images/blog-classic-8-970x545.jpg]
[livedemo00.template-help.com/wt_61317_v1/blog-classic.html]
[static.livedemo00.template-help.com/wt_61317_v1/images/blog-grid-2-570x253.jpg]
[static.livedemo00.template-help.com/wt_61317_v1/images/blog-grid-3-570x253.jpg]
[static.livedemo00.template-help.com/wt_61317_v1/images/blog-grid-4-570x253.jpg]
[static.livedemo00.template-help.com/wt_61317_v1/images/blog-grid-5-570x253.jpg]
[livedemo00.template-help.com/wt_61317_v1/blog-grid.html]
[static.livedemo00.template-help.com/wt_61317_v1/images/blog-line-1-771x515.jpg]
[static.livedemo00.template-help.com/wt_61317_v1/images/blog-line-2-772x435.jpg]
[static.livedemo00.template-help.com/wt_61317_v1/images/blog-line-3-770x433.jpg]
[static.livedemo00.template-help.com/wt_61317_v1/images/blog-line-4-770x433.jpg]
[static.livedemo00.template-help.com/wt_61317_v1/images/blog-line-5-770x433.jpg]
[livedemo00.template-help.com/wt_61317_v1/blog-line.html]
[static.livedemo00.template-help.com/wt_61317_v1/images/blog-masonry-1-570x322.jpg]
[static.livedemo00.template-help.com/wt_61317_v1/images/blog-masonry-2-570x322.jpg]
[static.livedemo00.template-help.com/wt_61317_v1/images/blog-masonry-3-570x322.jpg]
[livedemo00.template-help.com/wt_61317_v1/blog-masonry.html]
[static.livedemo00.template-help.com/wt_61317_v1/images/post-1-870x412.jpg]
[static.livedemo00.template-help.com/wt_61317_v1/images/post-3-70x71.jpg]
[static.livedemo00.template-help.com/wt_61317_v1/images/post-4-70x71.jpg]
[static.livedemo00.template-help.com/wt_61317_v1/images/post-preview-1-70x70.jpg]
[static.livedemo00.template-help.com/wt_61317_v1/images/post-preview-2-70x70.jpg]
[static.livedemo00.template-help.com/wt_61317_v1/images/post-preview-3-70x70.jpg]
[livedemo00.template-help.com/wt_61317_v1/blog-post.html]
[static.livedemo00.template-help.com/wt_61317_v1/images/clients-1-126x68.png]
[static.livedemo00.template-help.com/wt_61317_v1/images/clients-7-104x84.png]
[static.livedemo00.template-help.com/wt_61317_v1/images/clients-2-126x100.png]
[static.livedemo00.template-help.com/wt_61317_v1/images/clients-8-144x68.png]
[static.livedemo00.template-help.com/wt_61317_v1/images/clients-9-105x94.png]
[static.livedemo00.template-help.com/wt_61317_v1/images/clients-10-95x101.png]
[static.livedemo00.template-help.com/wt_61317_v1/images/clients-11-126x68.png]
[static.livedemo00.template-help.com/wt_61317_v1/images/clients-12-132x83.png]
[static.livedemo00.template-help.com/wt_61317_v1/images/clients-testimonials-7-113x113.jpg]
[static.livedemo00.template-help.com/wt_61317_v1/images/clients-testimonials-8-113x113.jpg]
[static.livedemo00.template-help.com/wt_61317_v1/images/clients-testimonials-9-113x113.jpg]
[static.livedemo00.template-help.com/wt_61317_v1/images/clients-testimonials-10-113x113.jpg]
[static.livedemo00.template-help.com/wt_61317_v1/images/clients-testimonials-11-113x113.jpg]
[static.livedemo00.template-help.com/wt_61317_v1/images/clients-testimonials-12-113x113.jpg]
[livedemo00.template-help.com/wt_61317_v1/clients.html]
[static.livedemo00.template-help.com/wt_61317_v1/images/clients-testimonials-3-150x150.jpg]
[static.livedemo00.template-help.com/wt_61317_v1/images/clients-testimonials-4-150x150.jpg]
[static.livedemo00.template-help.com/wt_61317_v1/images/clients-testimonials-5-150x150.jpg]
[static.livedemo00.template-help.com/wt_61317_v1/images/clients-testimonials-6-150x150.jpg]
[livedemo00.template-help.com/wt_61317_v1/clients-testimonials.html]
[static.livedemo00.template-help.com/wt_61317_v1/images/team-2-189x189.jpg]
[static.livedemo00.template-help.com/wt_61317_v1/images/team-3-189x189.jpg]
[static.livedemo00.template-help.com/wt_61317_v1/images/team-4-189x189.jpg]
[static.livedemo00.template-help.com/wt_61317_v1/images/team-5-189x189.jpg]
[static.livedemo00.template-help.com/wt_61317_v1/images/team-6-189x189.jpg]
[static.livedemo00.template-help.com/wt_61317_v1/images/team-7-189x189.jpg]
[static.livedemo00.template-help.com/wt_61317_v1/images/team-8-189x189.jpg]
[static.livedemo00.template-help.com/wt_61317_v1/images/team-12-246x300.jpg]
[livedemo00.template-help.com/wt_61317_v1/our-team.html]
[static.livedemo00.template-help.com/wt_61317_v1/images/profile-1-570x570.jpg]
[livedemo00.template-help.com/wt_61317_v1/team-member-profile.html]
[static.livedemo00.template-help.com/wt_61317_v1/images/careers-1-1171x519.jpg]
[static.livedemo00.template-help.com/wt_61317_v1/images/careers-2-1171x519.jpg]
[static.livedemo00.template-help.com/wt_61317_v1/images/careers-3-1171x519.jpg]
[static.livedemo00.template-help.com/wt_61317_v1/images/careers-4-1171x519.jpg]
[livedemo00.template-help.com/wt_61317_v1/careers.html]
[livedemo00.template-help.com/wt_61317_v1/pricing.html]
[livedemo00.template-help.com/wt_61317_v1/faq.html]
[static.livedemo00.template-help.com/wt_61317_v1/images/bg-404.jpg]
[static.livedemo00.template-help.com/wt_61317_v1/images/logo-inverse-v2-143x27.png]
[livedemo00.template-help.com/wt_61317_v1/404-page.html]
[static.livedemo00.template-help.com/wt_61317_v1/images/bg-503.jpg]
[livedemo00.template-help.com/wt_61317_v1/503-page.html]
[livedemo00.template-help.com/wt_61317_v1/maintenance.html]
[static.livedemo00.template-help.com/wt_61317_v1/images/bg-coming-soon.jpg]
[livedemo00.template-help.com/wt_61317_v1/coming-soon.html]
[static.livedemo00.template-help.com/wt_61317_v1/images/bg-login.jpg]
[livedemo00.template-help.com/wt_61317_v1/login.html]
[static.livedemo00.template-help.com/wt_61317_v1/images/bg-register.jpg]
[livedemo00.template-help.com/wt_61317_v1/register.html]
[livedemo00.template-help.com/wt_61317_v1/search-results.html]
[livedemo00.template-help.com/wt_61317_v1/privacy-policy.html]
[livedemo00.template-help.com/wt_61317_v1/accordion.html]
[livedemo00.template-help.com/wt_61317_v1/buttons.html]
[livedemo00.template-help.com/wt_61317_v1/grid.html]
[livedemo00.template-help.com/wt_61317_v1/forms.html]
[livedemo00.template-help.com/wt_61317_v1/icons.html]
[livedemo00.template-help.com/wt_61317_v1/icon-lists.html]
[livedemo00.template-help.com/wt_61317_v1/progress-bars.html]
[livedemo00.template-help.com/wt_61317_v1/tabs.html]
[livedemo00.template-help.com/wt_61317_v1/table-styles.html]
[static.livedemo00.template-help.com/wt_61317_v1/images/typography-1-1169x610.jpg]
[static.livedemo00.template-help.com/wt_61317_v1/images/typography-2-570x386.jpg]
[static.livedemo00.template-help.com/wt_61317_v1/images/typography-3-570x386.jpg]
[livedemo00.template-help.com/wt_61317_v1/typography.html]
[static.livedemo00.template-help.com/wt_61317_v1/images/gmap_marker_active.png]
[livedemo00.template-help.com/wt_61317_v1/contact-us.html]
[static.livedemo00.template-help.com/wt_61317_v1/fonts/fontawesome-webfont3295.svg]
[static.livedemo00.template-help.com/wt_61317_v1/fonts/MaterialIcons-Regular.eot]
[static.livedemo00.template-help.com/wt_61317_v1/fonts/MaterialIcons-Regular.woff2]
[static.livedemo00.template-help.com/wt_61317_v1/fonts/materialdesignicons-webfont14e6.eot]
[static.livedemo00.template-help.com/wt_61317_v1/fonts/materialdesignicons-webfontd41d.eot]
[static.livedemo00.template-help.com/wt_61317_v1/fonts/materialdesignicons-webfont14e6.woff]
[static.livedemo00.template-help.com/wt_61317_v1/fonts/materialdesignicons-webfont14e6.ttf]
[static.livedemo00.template-help.com/wt_61317_v1/fonts/fl-flat-icons-set-2.woff]
[static.livedemo00.template-help.com/wt_61317_v1/fonts/fl-flat-icons-set-2.svg]
[static.livedemo00.template-help.com/wt_61317_v1/fonts/fl-bigmug-line.woff]
[static.livedemo00.template-help.com/wt_61317_v1/fonts/fl-bigmug-line.eot]
[static.livedemo00.template-help.com/wt_61317_v1/fonts/fl-bigmug-line.ttf]
[static.livedemo00.template-help.com/wt_61317_v1/fonts/fl-bigmug-line.svg]
[static.livedemo00.template-help.com/wt_61317_v1/fonts/36-slim-icons.eot]
[static.livedemo00.template-help.com/wt_61317_v1/fonts/36-slim-icons.woff]
[static.livedemo00.template-help.com/wt_61317_v1/fonts/36-slim-icons.ttf]
[static.livedemo00.template-help.com/wt_61317_v1/css/fonts.css]
[static.livedemo00.template-help.com/wt_61317_v1/css/bootstrap.css]
[static.livedemo00.template-help.com/wt_61317_v1/images/textarea-pattern-light.png]
[static.livedemo00.template-help.com/wt_61317_v1/fonts/36-slim-icons.svg]
[static.livedemo00.template-help.com/wt_61317_v1/images/ajax-loader.gif]
[static.livedemo00.template-help.com/wt_61317_v1/fonts/lgd641.eot]
[static.livedemo00.template-help.com/wt_61317_v1/fonts/lgd41d.eot]
[static.livedemo00.template-help.com/wt_61317_v1/fonts/lgd641.woff]
[static.livedemo00.template-help.com/wt_61317_v1/fonts/lgd641.ttf]
[static.livedemo00.template-help.com/wt_61317_v1/fonts/lgd641.svg]
[static.livedemo00.template-help.com/wt_61317_v1/images/vimeo-play.png]
[static.livedemo00.template-help.com/wt_61317_v1/images/video-play.png]
[static.livedemo00.template-help.com/wt_61317_v1/images/youtube-play.png]
[static.livedemo00.template-help.com/wt_61317_v1/images/loading.gif]
[static.livedemo00.template-help.com/wt_61317_v1/css/style.css]
[www.googletagmanager.com/gtm5445.html]
[static.livedemo00.template-help.com/wt_61317_v1/images/clients-light-1-162x76.png]
[static.livedemo00.template-help.com/wt_61317_v1/images/bg-image-1.jpg]
[static.livedemo00.template-help.com/wt_61317_v1/images/clients-testimonials-parallax-1.jpg]
[static.livedemo00.template-help.com/wt_61317_v1/images/blog-classic-9-113x113.jpg]
[static.livedemo00.template-help.com/wt_61317_v1/images/blog-grid-1-570x253.jpg]
[static.livedemo00.template-help.com/wt_61317_v1/images/post-2-70x71.jpg]
[static.livedemo00.template-help.com/wt_61317_v1/images/team-1-189x189.jpg]
[static.livedemo00.template-help.com/wt_61317_v1/fonts/fontawesome-webfont3295.woff]
[static.livedemo00.template-help.com/wt_61317_v1/fonts/fontawesome-webfont3295.woff2]
[static.livedemo00.template-help.com/wt_61317_v1/fonts/fontawesome-webfont3295.svg]
[static.livedemo00.template-help.com/wt_61317_v1/fonts/fontawesome-webfont3295.eot]
[static.livedemo00.template-help.com/wt_61317_v1/fonts/fontawesome-webfontd41d.eot]
[static.livedemo00.template-help.com/wt_61317_v1/fonts/MaterialIcons-Regular.woff]
[static.livedemo00.template-help.com/wt_61317_v1/fonts/fontawesome-webfont3295.ttf]
[static.livedemo00.template-help.com/wt_61317_v1/fonts/Mercury-Regularc4ef.woff]
[static.livedemo00.template-help.com/wt_61317_v1/fonts/MaterialIcons-Regular.ttf]
[static.livedemo00.template-help.com/wt_61317_v1/fonts/Mercury-Regularc4ef.eot]
[static.livedemo00.template-help.com/wt_61317_v1/fonts/Mercury-Regularc4ef.svg]
[static.livedemo00.template-help.com/wt_61317_v1/fonts/materialdesignicons-webfont14e6.woff2]
[static.livedemo00.template-help.com/wt_61317_v1/fonts/fl-flat-icons-set-2.svg]
[static.livedemo00.template-help.com/wt_61317_v1/fonts/fl-bigmug-line.svg]
[static.livedemo00.template-help.com/wt_61317_v1/fonts/36-slim-icons.svg]
[static.livedemo00.template-help.com/wt_61317_v1/fonts/lgd641.svg]
[static.livedemo00.template-help.com/wt_61317_v1/images/vimeo-play.html]
[static.livedemo00.template-help.com/wt_61317_v1/images/video-play.html]
[static.livedemo00.template-help.com/wt_61317_v1/images/youtube-play.html]
[static.livedemo00.template-help.com/wt_61317_v1/fonts/Mercury-Regularc4ef.svg]
[static.livedemo00.template-help.com/wt_61317_v1/fonts/fl-flat-icons-set-2.eot]
[static.livedemo00.template-help.com/wt_61317_v1/fonts/fl-flat-icons-set-2.ttf]
[static.livedemo00.template-help.com/wt_61317_v1/images/home-8-268x182.jpg]
[static.livedemo00.template-help.com/wt_61317_v1/fonts/Mercury-Regularc4ef.ttf]
[static.livedemo00.template-help.com/wt_61317_v1/fonts/materialdesignicons-webfont14e6.svg]
[static.livedemo00.template-help.com/wt_61317_v1/fonts/materialdesignicons-webfont14e6.svg]
